// Vitest Snapshot v1, https://vitest.dev/guide/snapshot.html

exports[`storage-diff > matches snapshot 1`] = `
"- Gathering contract data: OK
No storage changes when executing upgrade.
"
`;
